[18-Feb-2025 09:59:06 Europe/Berlin] PHP Fatal error:  Uncaught mysqli_sql_exception: Table 'mockinterview.user_answers' doesn't exist in C:\xampp\htdocs\mockinterview\api\fetch_solution.php:39
Stack trace:
#0 C:\xampp\htdocs\mockinterview\api\fetch_solution.php(39): mysqli->prepare('SELECT DISTINCT...')
#1 {main}
  thrown in C:\xampp\htdocs\mockinterview\api\fetch_solution.php on line 39
[18-Feb-2025 09:59:07 Europe/Berlin] PHP Fatal error:  Uncaught mysqli_sql_exception: Table 'mockinterview.user_answers' doesn't exist in C:\xampp\htdocs\mockinterview\api\fetch_solution.php:39
Stack trace:
#0 C:\xampp\htdocs\mockinterview\api\fetch_solution.php(39): mysqli->prepare('SELECT DISTINCT...')
#1 {main}
  thrown in C:\xampp\htdocs\mockinterview\api\fetch_solution.php on line 39
[18-Feb-2025 09:59:07 Europe/Berlin] PHP Fatal error:  Uncaught mysqli_sql_exception: Table 'mockinterview.user_answers' doesn't exist in C:\xampp\htdocs\mockinterview\api\fetch_solution.php:39
Stack trace:
#0 C:\xampp\htdocs\mockinterview\api\fetch_solution.php(39): mysqli->prepare('SELECT DISTINCT...')
#1 {main}
  thrown in C:\xampp\htdocs\mockinterview\api\fetch_solution.php on line 39
